node : file:///C:/Users
/Sri%20Charan/OneDrive/
Desktop/unnati6/backend
/services/aiService.js:
1
At line:1 char:1
+ node 
test_severity.js > 
test_error.log 2>&1
+ ~~~~~~~~~~~~~~~~~~~~~
~~~~~~~~~~~~~~~~~~~~~~
    + CategoryInfo     
         : NotSpecifi  
  ed: (file:///C:/Us   
 er.../aiService.js    
:1:String) [], Rem    
oteException
    + FullyQualifiedEr 
   rorId : NativeComm  
  andError
 
import { GoogleGenAI } 
from '@google/generativ
e-ai';
         ^^^^^^^^^^^
SyntaxError: The 
requested module '@goog
le/generative-ai' does 
not provide an export 
named 'GoogleGenAI'
    at 
ModuleJob._instantiate 
(node:internal/modules/
esm/module_job:228:21)
    at async 
ModuleJob.run (node:int
ernal/modules/esm/modul
e_job:337:5)
    at async onImport.t
racePromise.__proto__ (
node:internal/modules/e
sm/loader:651:26)
    at async asyncRunEn
tryPointWithESMLoader (
node:internal/modules/r
un_main:117:5)

Node.js v22.19.0
